# FaultLine fallback footage — pin v0.1.9-buildweek
# Generated by scripts/capture-fallback-footage.mjs

$ git clone
Cloning into '/tmp/faultline-footage-N0NTuj/faultline'...

[exit 0]

$ git fetch --tags

[exit 0]

$ git checkout v0.1.9-buildweek
HEAD is now at 3ca1bb8 Pin submission surfaces to v0.1.9-buildweek.

[exit 0]

$ pnpm install --frozen-lockfile
Lockfile is up to date, resolution step is skipped
Progress: resolved 1, reused 0, downloaded 0, added 0
Packages: +48
++++++++++++++++++++++++++++++++++++++++++++++++
Progress: resolved 48, reused 48, downloaded 0, added 48, done

dependencies:
+ zod 3.25.76

devDependencies:
+ @types/node 22.20.1
+ fast-check 4.9.0
+ tsx 4.23.1
+ typescript 5.9.3
+ vitest 4.1.10


> @mizore66/faultline@0.1.2 prepare /tmp/faultline-footage-N0NTuj/faultline
> pnpm run build


> @mizore66/faultline@0.1.2 build /tmp/faultline-footage-N0NTuj/faultline
> tsc -p tsconfig.json

╭ Warning ─────────────────────────────────────────────────────────────────────╮
│                                                                              │
│   Ignored build scripts: esbuild@0.28.1.                                     │
│   Run "pnpm approve-builds" to pick which dependencies should be allowed     │
│   to run scripts.                                                            │
│                                                                              │
╰──────────────────────────────────────────────────────────────────────────────╯
Done in 4.3s using pnpm v10.32.1

[exit 0]

$ pnpm fl doctor

> @mizore66/faultline@0.1.2 fl /tmp/faultline-footage-N0NTuj/faultline
> node dist/cli.js doctor

FaultLine doctor
Repository: /tmp/faultline-footage-N0NTuj/faultline
Local CLI: READY
Proof-grade preflight: UNAVAILABLE (proof-grade Git investigation unavailable; fl judge-demo and offline verify still work)
Image selection: NOT_CHECKED (run fl runtime prepare <runtime> --yes for a reviewed base, fl runtime project plan for an explicit dependency image, or fl runtime resolve after you choose one yourself)
Likely runtime: node (package.json, pnpm-lock.yaml)

[READY] git: Git is available. (git version 2.43.0)
[READY] repository: A Git repository was detected. (/tmp/faultline-footage-N0NTuj/faultline)
[READY] worktree: The Git worktree is clean. (No tracked or untracked changes reported by Git.)
[READY] node: A supported Node.js runtime is available. (v22.14.0)
[UNAVAILABLE] docker-cli: The Docker CLI is unavailable to FaultLine. (The command could not be started or did not return an exit code.)
    Fix: Install Docker Desktop or Docker Engine and make the docker command available on PATH.
[INAPPLICABLE] docker-daemon: Docker daemon reachability was not checked because the Docker CLI is unavailable.
    Fix: Install or repair the Docker CLI first, then run fl doctor again.
[READY] runtime: Likely NODE repository detected from conventional root markers. (package.json, pnpm-lock.yaml)
    Fix: This is only a suggestion. Select and pin an image digest that matches the witness before investigating.

Limits:
- This is a local prerequisite check, not a proof of behavior or provenance.
- FaultLine did not pull or inspect a container image, execute a witness, access the network, or write to the repository.
- Likely runtime detection uses root-file markers only; choose and digest-pin the actual image explicitly.

Exit status: 0 when Node can run the local CLI (including the no-Docker judge path). Non-zero only when Node itself is missing or unsupported. Docker gaps are reported above and do not fail this command.
Next: fl doctor --proof-ready

[exit 0]

$ pnpm fl judge-proof --export-only

> @mizore66/faultline@0.1.2 fl /tmp/faultline-footage-N0NTuj/faultline
> node dist/cli.js judge-proof --export-only

FaultLine COMMIT_PROOF sample verified.
Bundle: docs/samples/self-incident-commit-proof
Root: sha256:f85c446dfd5ab92222b10a314e79209a8a7dc10ee69af9d2deaa04aceafeb7d9
External root: MATCH
This is the product Idea path (portable predicate proof), not the judge-demo fixture.
Note: historical self-incident root is sha256:f6a391b3407731d766bd19510c4e4172ad44f28771f1d034030fc56513625b75 (see docs/faultline-self-incident.md).
Verified root summary: sha256:f85c446dfd5ab92222b10a314e79209a8a7dc10ee69af9d2deaa04aceafeb7d9 (MATCH)

[exit 0]

$ pnpm fl verify docs/samples/self-incident-commit-proof --expect-root sha256:f85c446dfd5ab92222b10a314e79209a8a7dc10ee69af9d2deaa04aceafeb7d9

> @mizore66/faultline@0.1.2 fl /tmp/faultline-footage-N0NTuj/faultline
> node dist/cli.js verify docs/samples/self-incident-commit-proof --expect-root sha256:f85c446dfd5ab92222b10a314e79209a8a7dc10ee69af9d2deaa04aceafeb7d9

Integrity: VALID
Declared files checked: 18
Bundle root: sha256:f85c446dfd5ab92222b10a314e79209a8a7dc10ee69af9d2deaa04aceafeb7d9
External root: MATCH

[exit 0]

